// Jest Snapshot v1, https://goo.gl/fbAQLP

exports[`renders correctly 1`] = `
<Provider
  store={
    Object {
      "dispatch": [Function],
      "getState": [Function],
      "replaceReducer": [Function],
      "subscribe": [Function],
      Symbol(observable): [Function],
    }
  }
>
  <ErrorBoundary>
    <div
      className="todo-app"
    >
      <Connect(Routes) />
    </div>
  </ErrorBoundary>
</Provider>
`;
